%!Adobe-FontList 1.24
%Locale:0x413

%BeginFont
Handler:DirectoryHandler
FontType:Type1
FontName:RijksSans-Bold
FamilyName:RijksSans
StyleName:Bold
FullName:RijksSans Bold
MenuName:RijksSans
StyleBits:2
WritingScript:Roman
OutlineFileName:C:\Users\MAZ1499\Downloads\RO_Template_PPT_Presentatie_1920x1080px-20250709T140941Z-1-001\RO_Template_PPT_Presentatie_1920x1080px\Document fonts\RijksSans-Bold.otf
DataFormat:sfntData
UsesStandardEncoding:yes
isCFF:yes
hasSVG:no
hasCOLR:no
VariableFontType:NonVariableFont
FileLength:99696
FileModTime:1700570536
WeightClass:700
WidthClass:5
AngleClass:0
NameArray:0,Mac,4,RijksSans Bold
NameArray:0,Win,1,RijksSans
%EndFont

%BeginFont
Handler:DirectoryHandler
FontType:Type1
FontName:RijksSans-ExtraBold
FamilyName:RijksSans
StyleName:ExtraBold
FullName:RijksSans ExtraBold
MenuName:RijksSans ExtraBold
StyleBits:0
WritingScript:Roman
OutlineFileName:C:\Users\MAZ1499\Downloads\RO_Template_PPT_Presentatie_1920x1080px-20250709T140941Z-1-001\RO_Template_PPT_Presentatie_1920x1080px\Document fonts\RijksSans-ExtraBold.otf
DataFormat:sfntData
UsesStandardEncoding:yes
isCFF:yes
hasSVG:no
hasCOLR:no
VariableFontType:NonVariableFont
FileLength:99332
FileModTime:1700570536
WeightClass:800
WidthClass:5
AngleClass:0
NameArray:0,Mac,4,RijksSans ExtraBold
NameArray:0,Win,1,RijksSans ExtraBold
NameArray:0,Win,16,RijksSans
%EndFont

%BeginFont
Handler:DirectoryHandler
FontType:Type1
FontName:RijksSans-Italic
FamilyName:RijksSans
StyleName:Italic
FullName:RijksSans Italic
MenuName:RijksSans
StyleBits:1
WritingScript:Roman
OutlineFileName:C:\Users\MAZ1499\Downloads\RO_Template_PPT_Presentatie_1920x1080px-20250709T140941Z-1-001\RO_Template_PPT_Presentatie_1920x1080px\Document fonts\RijksSans-Italic.otf
DataFormat:sfntData
UsesStandardEncoding:yes
isCFF:yes
hasSVG:no
hasCOLR:no
VariableFontType:NonVariableFont
FileLength:95372
FileModTime:1700570536
WeightClass:400
WidthClass:5
AngleClass:1
NameArray:0,Mac,4,RijksSans Italic
NameArray:0,Win,1,RijksSans
%EndFont

%BeginFont
Handler:DirectoryHandler
FontType:Type1
FontName:RijksSans-Light
FamilyName:RijksSans
StyleName:Light
FullName:RijksSans Light
MenuName:RijksSans Light
StyleBits:0
WritingScript:Roman
OutlineFileName:C:\Users\MAZ1499\Downloads\RO_Template_PPT_Presentatie_1920x1080px-20250709T140941Z-1-001\RO_Template_PPT_Presentatie_1920x1080px\Document fonts\RijksSans-Light.otf
DataFormat:sfntData
UsesStandardEncoding:yes
isCFF:yes
hasSVG:no
hasCOLR:no
VariableFontType:NonVariableFont
FileLength:96232
FileModTime:1700570536
WeightClass:300
WidthClass:5
AngleClass:0
NameArray:0,Mac,4,RijksSans Light
NameArray:0,Win,1,RijksSans Light
NameArray:0,Win,16,RijksSans
%EndFont

%BeginFont
Handler:DirectoryHandler
FontType:Type1
FontName:RijksSans-Regular
FamilyName:RijksSans
StyleName:Regular
FullName:RijksSans
MenuName:RijksSans
StyleBits:0
WritingScript:Roman
OutlineFileName:C:\Users\MAZ1499\Downloads\RO_Template_PPT_Presentatie_1920x1080px-20250709T140941Z-1-001\RO_Template_PPT_Presentatie_1920x1080px\Document fonts\RijksSans-Regular.otf
DataFormat:sfntData
UsesStandardEncoding:yes
isCFF:yes
hasSVG:no
hasCOLR:no
VariableFontType:NonVariableFont
FileLength:94260
FileModTime:1700570536
WeightClass:400
WidthClass:5
AngleClass:0
NameArray:0,Mac,4,RijksSans
NameArray:0,Win,1,RijksSans
%EndFont

%BeginFont
Handler:DirectoryHandler
FontType:Type1
FontName:RijksSans-SemiBold
FamilyName:RijksSans
StyleName:SemiBold
FullName:RijksSans SemiBold
MenuName:RijksSans SemiBold
StyleBits:0
WritingScript:Roman
OutlineFileName:C:\Users\MAZ1499\Downloads\RO_Template_PPT_Presentatie_1920x1080px-20250709T140941Z-1-001\RO_Template_PPT_Presentatie_1920x1080px\Document fonts\RijksSans-SemiBold.otf
DataFormat:sfntData
UsesStandardEncoding:yes
isCFF:yes
hasSVG:no
hasCOLR:no
VariableFontType:NonVariableFont
FileLength:98364
FileModTime:1700570536
WeightClass:600
WidthClass:5
AngleClass:0
NameArray:0,Mac,4,RijksSans SemiBold
NameArray:0,Win,1,RijksSans SemiBold
NameArray:0,Win,16,RijksSans
%EndFont

%BeginFont
Handler:DirectoryHandler
FontType:Type1
FontName:RijksoverheidSerif-Regular
FamilyName:RijksoverheidSerif
StyleName:Regular
FullName:RijksoverheidSerif-Regular
MenuName:RijksoverheidSerif
StyleBits:0
WritingScript:Roman
OutlineFileName:C:\Users\MAZ1499\Downloads\RO_Template_PPT_Presentatie_1920x1080px-20250709T140941Z-1-001\RO_Template_PPT_Presentatie_1920x1080px\Document fonts\RijksoverheidSerif-Regular.otf
DataFormat:sfntData
UsesStandardEncoding:yes
isCFF:yes
hasSVG:no
hasCOLR:no
VariableFontType:NonVariableFont
FileLength:120008
FileModTime:1678707045
WeightClass:400
WidthClass:5
AngleClass:0
NameArray:0,Mac,4,RijksoverheidSerif-Regular
NameArray:0,Win,1,RijksoverheidSerif
%EndFont

%BeginFont
Handler:DirectoryHandler
FontType:TrueType
FontName:Wingdings-Regular
FamilyName:Wingdings
StyleName:Regular
FullName:Wingdings
MenuName:Wingdings
StyleBits:0
WritingScript:Roman
OutlineFileName:C:\Users\MAZ1499\Downloads\RO_Template_PPT_Presentatie_1920x1080px-20250709T140941Z-1-001\RO_Template_PPT_Presentatie_1920x1080px\Document fonts\Wingdings.ttf
DataFormat:sfntData
hasSVG:no
hasCOLR:no
VariableFontType:NonVariableFont
FileLength:86384
FileModTime:1709183120
WeightClass:400
WidthClass:5
AngleClass:0
NameArray:0,Mac,4,Wingdings
NameArray:0,Win,1,Wingdings
%EndFont

